node.exe : FAIL src/leave/leave.service.spec.ts
At line:1 char:1
+ & "C:\Program Files\nodejs/node.exe" "C:\Program Files\nodejs/node_mo ...
+ ~~~~~~~~~~~~~~~~~~~~~~~~~~~~~~~~~~~~~~~~~~~~~~~~~~~~~~~~~~~~~~~~~~~~~
    + CategoryInfo          : NotSpecified: (FAIL src/leave/leave.service.spec.ts:String) [], RemoteException
    + FullyQualifiedErrorId : NativeCommandError
 
  LeaveService
    ظêأ should be defined (25 ms)
    recalculateAccruals
      ظêأ should calculate 21 days for service < 5 years (5 ms)
      ظêأ should calculate 30 days for service >= 5 years (3 ms)
    adjustBalance
      ├ù should correctly adjust balance and create transaction (7 ms)

  ظù LeaveService ظ║ adjustBalance ظ║ should correctly adjust balance and create transaction

    expect(jest.fn()).toHaveBeenCalledWith(...expected)

    Expected: ObjectContaining {"days": 5, "type": "ADJUSTMENT"}
    Received: {"data": {"days": 5, "employeeId": "1", "leaveBalanceId": "b1", "performedBy": "admin", "reason": "Test", "type": "ADJUSTMENT"}}

    Number of calls: 1

    [0m [90m 101 |[39m             [36mawait[39m service[33m.[39madjustBalance(dto[33m,[39m [32m'admin'[39m)[33m;[39m
     [90m 102 |[39m
    [31m[1m>[22m[39m[90m 103 |[39m             expect(prisma[33m.[39mleaveTransaction[33m.[39mcreate)[33m.[39mtoHaveBeenCalledWith(expect[33m.[39mobjectContaining({
     [90m     |[39m                                                    [31m[1m^[22m[39m
     [90m 104 |[39m                 days[33m:[39m [35m5[39m[33m,[39m
     [90m 105 |[39m                 type[33m:[39m [33mLeaveTransactionType[39m[33m.[39m[33mADJUSTMENT[39m[33m,[39m
     [90m 106 |[39m             }))[33m;[39m[0m

      at Object.<anonymous> (leave/leave.service.spec.ts:103:52)

Test Suites: 1 failed, 1 total
Tests:       1 failed, 3 passed, 4 total
Snapshots:   0 total
Time:        1.942 s, estimated 2 s
Ran all test suites matching src/leave/leave.service.spec.ts.
